<?xml version="1.0" encoding="UTF-8"?>
<testsuites>
	<testsuite name="TestOrderQueue-20241020183830" tests="7" file=".py" time="0.004" timestamp="2024-10-20T18:38:30" failures="0" errors="0" skipped="1">
		<testcase classname="TestOrderQueue" name="test_add_order" time="0.002" timestamp="2024-10-20T18:38:30" file="lab4_jenkins\tempCodeRunnerFile.py" line="8">
			<system-out><![CDATA[Замовлення Order(1, Alice, 100) додано до черги.
Кількість замовлень у черзі: 1
]]></system-out>
		</testcase>
		<testcase classname="TestOrderQueue" name="test_count_orders" time="0.000" timestamp="2024-10-20T18:38:30" file="lab4_jenkins\tempCodeRunnerFile.py" line="55">
			<system-out><![CDATA[Замовлення Order(1, Alice, 100) додано до черги.
Замовлення Order(2, Bob, 250) додано до черги.
Кількість замовлень у черзі: 2
]]></system-out>
		</testcase>
		<testcase classname="TestOrderQueue" name="test_peek_highest_priority_order" time="0.001" timestamp="2024-10-20T18:38:30" file="lab4_jenkins\tempCodeRunnerFile.py" line="44">
			<system-out><![CDATA[Замовлення Order(1, Alice, 100) додано до черги.
Замовлення Order(2, Bob, 250) додано до черги.
Замовлення з найвищим пріоритетом: Order(2, Bob, 250)
]]></system-out>
		</testcase>
		<testcase classname="TestOrderQueue" name="test_process_order" time="0.001" timestamp="2024-10-20T18:38:30" file="lab4_jenkins\tempCodeRunnerFile.py" line="16">
			<system-out><![CDATA[Замовлення Order(1, Alice, 100) додано до черги.
Замовлення Order(2, Bob, 250) додано до черги.
Замовлення Order(2, Bob, 250) оброблено.
Кількість замовлень у черзі: 1
]]></system-out>
		</testcase>
		<testcase classname="TestOrderQueue" name="test_view_all_orders_empty_queue" time="0.000" timestamp="2024-10-20T18:38:30" file="lab4_jenkins\tempCodeRunnerFile.py" line="28"/>
		<testcase classname="TestOrderQueue" name="test_view_all_orders_with_orders" time="0.000" timestamp="2024-10-20T18:38:30" file="lab4_jenkins\tempCodeRunnerFile.py" line="35">
			<system-out><![CDATA[Замовлення Order(1, Alice, 100) додано до черги.
Замовлення Order(2, Bob, 250) додано до черги.
]]></system-out>
		</testcase>
		<testcase classname="TestOrderQueue" name="test_process_order_empty_queue" time="0.000" timestamp="2024-10-20T18:38:30" file="lab4_jenkins\tempCodeRunnerFile.py" line="65">
			<skipped type="XFAIL" message="expected failure: (&lt;class 'AssertionError'&gt;, AssertionError(&quot;'Не None' is not None&quot;), &lt;traceback object at 0x000001AEB7B21F80&gt;)"/>
			<system-out><![CDATA[Черга замовлень порожня.
]]></system-out>
		</testcase>
	</testsuite>
</testsuites>
